    Blocking waiting for file lock on build directory
warning: unused variable: `rx`
   --> plugin/src/screenshot/mod.rs:195:14
    |
195 |     let (tx, rx) = oneshot::channel();
    |              ^^ help: if this is intentional, prefix it with an underscore: `_rx`
    |
    = note: `#[warn(unused_variables)]` (part of `#[warn(unused)]`) on by default

warning: constant `MAX_RAW_BYTES` is never used
  --> plugin/src/screenshot/mod.rs:27:18
   |
27 | pub(super) const MAX_RAW_BYTES: usize = 64 * 1024 * 1024;
   |                  ^^^^^^^^^^^^^
   |
   = note: `#[warn(dead_code)]` (part of `#[warn(unused)]`) on by default

warning: variants `Rgba`, `Bgra`, `Argb`, and `Abgr` are never constructed
  --> plugin/src/screenshot/mod.rs:72:30
   |
72 | pub(super) enum PixelOrder { Rgba, Bgra, Argb, Abgr }
   |                 ----------   ^^^^  ^^^^  ^^^^  ^^^^
   |                 |
   |                 variants in this enum
   |
   = note: `PixelOrder` has a derived impl for the trait `Clone`, but this is intentionally ignored during dead code analysis

warning: variant `Bitmap` is never constructed
  --> plugin/src/screenshot/mod.rs:76:5
   |
74 | pub(super) enum RawFrame {
   |                 -------- variant in this enum
75 |     Encoded(Vec<u8>),
76 |     Bitmap { bytes: Vec<u8>, width: u32, height: u32, stride: usize,
   |     ^^^^^^

warning: `tauri-plugin-connector` (lib test) generated 4 warnings (run `cargo fix --lib -p tauri-plugin-connector --tests` to apply 1 suggestion)
    Finished `test` profile [unoptimized + debuginfo] target(s) in 2.08s
     Running unittests src/lib.rs (target/debug/deps/tauri_plugin_connector-7506f1c7f230c652)

running 1 test
test handlers::tests::modern_ref_resolver_never_falls_back_to_css_or_fuzzy_name ... ok

test result: ok. 1 passed; 0 failed; 0 ignored; 0 measured; 126 filtered out; finished in 0.00s
